#-----------------------------------------------------------
# Vivado v2016.4 (64-bit)
# SW Build 1733598 on Wed Dec 14 22:35:39 MST 2016
# IP Build 1731160 on Wed Dec 14 23:47:21 MST 2016
# Start of session at: Mon Dec 09 08:55:37 2024
# Process ID: 15152
# Current directory: C:/Users/Eng.Ahmed/Desktop/Project
# Command line: vivado.exe -gui_launcher_event rodinguilauncherevent12484 C:\Users\Eng.Ahmed\Desktop\Project\Project.xpr
# Log file: C:/Users/Eng.Ahmed/Desktop/Project/vivado.log
# Journal file: C:/Users/Eng.Ahmed/Desktop/Project\vivado.jou
#-----------------------------------------------------------
start_gui
open_project C:/Users/Eng.Ahmed/Desktop/Project/Project.xpr
reset_run synth_1
launch_runs impl_1 -to_step write_bitstream -jobs 6
wait_on_run impl_1
open_run impl_1
add_files -fileset constrs_1 -norecurse C:/Users/Eng.Ahmed/Desktop/Project/Basys-3-Master.xdc
remove_files  -fileset constrs_1 C:/Users/Eng.Ahmed/Desktop/Project/Basys-3-Master.xdc
remove_files  -fileset constrs_1 {{D:/Documents/Academic/5th Semester/CMS Files/ELCT501/Notes/Basys 3 board and constraints/Basys-3-Master.xdc}}
add_files -fileset constrs_1 -norecurse C:/Users/Eng.Ahmed/Desktop/Project/Basys-3-Master.xdc
reset_run synth_1
launch_runs impl_1 -to_step write_bitstream -jobs 6
wait_on_run impl_1
save_project_as Final C:/Users/Eng.Ahmed/Desktop/Final -force
